11:56:38 **** Incremental Build of configuration Debug for project Dual_Corre_CM4 ****
make -j8 all 
arm-none-eabi-gcc "../Core/Src/main.c" -mcpu=cortex-m4 -std=gnu11 -g3 -DDEBUG -DCORE_CM4 -DUSE_HAL_DRIVER -DSTM32H747xx -c -I../Core/Inc -I../../Drivers/STM32H7xx_HAL_Driver/Inc -I../../Drivers/STM32H7xx_HAL_Driver/Inc/Legacy -I../../Drivers/CMSIS/Device/ST/STM32H7xx/Include -I../../Drivers/CMSIS/Include -O0 -ffunction-sections -fdata-sections -Wall -fstack-usage -MMD -MP -MF"Core/Src/main.d" -MT"Core/Src/main.o" --specs=nano.specs -mfpu=fpv4-sp-d16 -mfloat-abi=hard -mthumb -o "Core/Src/main.o"
arm-none-eabi-gcc -o "Dual_Corre_CM4.elf" @"objects.list"   -mcpu=cortex-m4 -T"C:\Users\Admin\STM32CubeIDE\workspace_1.5.0\Dual_Corre\CM4\STM32H747XIHX_FLASH.ld" --specs=nosys.specs -Wl,-Map="Dual_Corre_CM4.map" -Wl,--gc-sections -static --specs=nano.specs -mfpu=fpv4-sp-d16 -mfloat-abi=hard -mthumb -Wl,--start-group -lc -lm -Wl,--end-group
Finished building target: Dual_Corre_CM4.elf
 
arm-none-eabi-objdump -h -S  Dual_Corre_CM4.elf  > "Dual_Corre_CM4.list"
arm-none-eabi-objcopy  -O binary  Dual_Corre_CM4.elf  "Dual_Corre_CM4.bin"
arm-none-eabi-size   Dual_Corre_CM4.elf 
   text	   data	    bss	    dec	    hex	filename
   4332	     24	   1568	   5924	   1724	Dual_Corre_CM4.elf
Finished building: default.size.stdout
 
Finished building: Dual_Corre_CM4.bin
Finished building: Dual_Corre_CM4.list
 
 

11:56:40 Build Finished. 0 errors, 0 warnings. (took 1s.254ms)

