11:21:32 **** Incremental Build of configuration Debug for project GPIO_CM7 ****
make -j8 all 
arm-none-eabi-gcc "../Core/Src/main.c" -mcpu=cortex-m7 -std=gnu11 -g3 -DUSE_HAL_DRIVER -DSTM32H747xx -DCORE_CM7 -DDEBUG -c -I../Core/Inc -I../../Drivers/STM32H7xx_HAL_Driver/Inc -I../../Drivers/STM32H7xx_HAL_Driver/Inc/Legacy -I../../Drivers/CMSIS/Device/ST/STM32H7xx/Include -I../../Drivers/CMSIS/Include -I../FATFS/Target -I../FATFS/App -I../../Middlewares/Third_Party/FatFs/src -O0 -ffunction-sections -fdata-sections -Wall -fstack-usage -MMD -MP -MF"Core/Src/main.d" -MT"Core/Src/main.o" --specs=nano.specs -mfpu=fpv5-d16 -mfloat-abi=hard -mthumb -o "Core/Src/main.o"
arm-none-eabi-gcc -o "GPIO_CM7.elf" @"objects.list"   -mcpu=cortex-m7 -T"C:\Users\Admin\STM32CubeIDE\workspace_1.5.0\GPIO\CM7\STM32H747XIHX_FLASH.ld" --specs=nosys.specs -Wl,-Map="GPIO_CM7.map" -Wl,--gc-sections -static --specs=nano.specs -mfpu=fpv5-d16 -mfloat-abi=hard -mthumb -Wl,--start-group -lc -lm -Wl,--end-group
Finished building target: GPIO_CM7.elf
 
arm-none-eabi-objdump -h -S  GPIO_CM7.elf  > "GPIO_CM7.list"
arm-none-eabi-objcopy  -O binary  GPIO_CM7.elf  "GPIO_CM7.bin"
arm-none-eabi-size   GPIO_CM7.elf 
   text	   data	    bss	    dec	    hex	filename
  32172	    124	  18620	  50916	   c6e4	GPIO_CM7.elf
Finished building: default.size.stdout
 
Finished building: GPIO_CM7.bin
 
Finished building: GPIO_CM7.list
 

11:21:34 Build Finished. 0 errors, 0 warnings. (took 2s.359ms)

