17:15:58 **** Incremental Build of configuration Debug for project H747_Queue_CM7 ****
make -j8 all 
arm-none-eabi-gcc "../Core/Src/main.c" -mcpu=cortex-m7 -std=gnu11 -g3 -DUSE_HAL_DRIVER -DSTM32H747xx -DCORE_CM7 -DDEBUG -c -I../Core/Inc -I../../Drivers/STM32H7xx_HAL_Driver/Inc -I../../Drivers/STM32H7xx_HAL_Driver/Inc/Legacy -I../../Drivers/CMSIS/Device/ST/STM32H7xx/Include -I../../Drivers/CMSIS/Include -I../../Middlewares/Third_Party/FreeRTOS/Source/include -I../../Middlewares/Third_Party/FreeRTOS/Source/CMSIS_RTOS -I../../Middlewares/Third_Party/FreeRTOS/Source/portable/GCC/ARM_CM4F -O0 -ffunction-sections -fdata-sections -Wall -fstack-usage -MMD -MP -MF"Core/Src/main.d" -MT"Core/Src/main.o" --specs=nano.specs -mfpu=fpv5-d16 -mfloat-abi=hard -mthumb -o "Core/Src/main.o"
../Core/Src/main.c: In function 'vProcessCommand':
../Core/Src/main.c:155:24: warning: implicit declaration of function 'strtok' [-Wimplicit-function-declaration]
  155 |     token = (uint8_t *)strtok((char *)sCommand.au8Buffer, (char *)Delimiters);
      |                        ^~~~~~
../Core/Src/main.c:160:14: warning: implicit declaration of function 'stricmp' [-Wimplicit-function-declaration]
  160 |     if (0 == stricmp((char*)token, "toggle"))
      |              ^~~~~~~
../Core/Src/main.c:183:5: warning: implicit declaration of function 'memset' [-Wimplicit-function-declaration]
  183 |     memset(sCommand.au8Buffer, 0, 20);
      |     ^~~~~~
../Core/Src/main.c:183:5: warning: incompatible implicit declaration of built-in function 'memset'
../Core/Src/main.c:36:1: note: include '<string.h>' or provide a declaration of 'memset'
   35 | #include "SerialLink.h"
  +++ |+#include <string.h>
   36 | 
../Core/Src/main.c: In function 'vProcessRxChar':
../Core/Src/main.c:202:9: warning: incompatible implicit declaration of built-in function 'memset'
  202 |         memset(sCommand.au8Buffer, 0, COMMAND_BUF_SIZE);
      |         ^~~~~~
../Core/Src/main.c:202:9: note: include '<string.h>' or provide a declaration of 'memset'
arm-none-eabi-gcc -o "H747_Queue_CM7.elf" @"objects.list"   -mcpu=cortex-m7 -T"C:\Users\Admin\STM32CubeIDE\workspace_1.5.0\H747_Queue\CM7\STM32H747XIHX_FLASH.ld" --specs=nosys.specs -Wl,-Map="H747_Queue_CM7.map" -Wl,--gc-sections -static --specs=nano.specs -mfpu=fpv5-d16 -mfloat-abi=hard -mthumb -Wl,--start-group -lc -lm -Wl,--end-group
Finished building target: H747_Queue_CM7.elf
 
arm-none-eabi-objdump -h -S  H747_Queue_CM7.elf  > "H747_Queue_CM7.list"
arm-none-eabi-objcopy  -O binary  H747_Queue_CM7.elf  "H747_Queue_CM7.bin"
arm-none-eabi-size   H747_Queue_CM7.elf 
   text	   data	    bss	    dec	    hex	filename
  33116	    124	   2396	  35636	   8b34	H747_Queue_CM7.elf
Finished building: default.size.stdout
 
Finished building: H747_Queue_CM7.bin
 
Finished building: H747_Queue_CM7.list
 

17:16:00 Build Finished. 0 errors, 5 warnings. (took 2s.100ms)

