14:31:23 **** Incremental Build of configuration Debug for project HME_Datalogger_CM7 ****
make -j8 all 
arm-none-eabi-gcc "../Core/Src/freertos.c" -mcpu=cortex-m7 -std=gnu11 -g3 -DDEBUG -DCORE_CM7 -DUSE_HAL_DRIVER -DSTM32H747xx -c -I../Core/Inc -I../../Drivers/STM32H7xx_HAL_Driver/Inc -I../../Drivers/STM32H7xx_HAL_Driver/Inc/Legacy -I../../Drivers/CMSIS/Device/ST/STM32H7xx/Include -I../../Drivers/CMSIS/Include -I../../Middlewares/Third_Party/FreeRTOS/Source/include -I../../Middlewares/Third_Party/FreeRTOS/Source/CMSIS_RTOS -I../../Middlewares/Third_Party/FreeRTOS/Source/portable/GCC/ARM_CM4F -I../FATFS/Target -I../FATFS/App -I../../Middlewares/Third_Party/FatFs/src -O0 -ffunction-sections -fdata-sections -Wall -fstack-usage -MMD -MP -MF"Core/Src/freertos.d" -MT"Core/Src/freertos.o" --specs=nano.specs -mfpu=fpv5-d16 -mfloat-abi=hard -mthumb -o "Core/Src/freertos.o"
arm-none-eabi-gcc "../Core/Src/lcd_20x4.c" -mcpu=cortex-m7 -std=gnu11 -g3 -DDEBUG -DCORE_CM7 -DUSE_HAL_DRIVER -DSTM32H747xx -c -I../Core/Inc -I../../Drivers/STM32H7xx_HAL_Driver/Inc -I../../Drivers/STM32H7xx_HAL_Driver/Inc/Legacy -I../../Drivers/CMSIS/Device/ST/STM32H7xx/Include -I../../Drivers/CMSIS/Include -I../../Middlewares/Third_Party/FreeRTOS/Source/include -I../../Middlewares/Third_Party/FreeRTOS/Source/CMSIS_RTOS -I../../Middlewares/Third_Party/FreeRTOS/Source/portable/GCC/ARM_CM4F -I../FATFS/Target -I../FATFS/App -I../../Middlewares/Third_Party/FatFs/src -O0 -ffunction-sections -fdata-sections -Wall -fstack-usage -MMD -MP -MF"Core/Src/lcd_20x4.d" -MT"Core/Src/lcd_20x4.o" --specs=nano.specs -mfpu=fpv5-d16 -mfloat-abi=hard -mthumb -o "Core/Src/lcd_20x4.o"
arm-none-eabi-gcc "../Core/Src/lcd_display.c" -mcpu=cortex-m7 -std=gnu11 -g3 -DDEBUG -DCORE_CM7 -DUSE_HAL_DRIVER -DSTM32H747xx -c -I../Core/Inc -I../../Drivers/STM32H7xx_HAL_Driver/Inc -I../../Drivers/STM32H7xx_HAL_Driver/Inc/Legacy -I../../Drivers/CMSIS/Device/ST/STM32H7xx/Include -I../../Drivers/CMSIS/Include -I../../Middlewares/Third_Party/FreeRTOS/Source/include -I../../Middlewares/Third_Party/FreeRTOS/Source/CMSIS_RTOS -I../../Middlewares/Third_Party/FreeRTOS/Source/portable/GCC/ARM_CM4F -I../FATFS/Target -I../FATFS/App -I../../Middlewares/Third_Party/FatFs/src -O0 -ffunction-sections -fdata-sections -Wall -fstack-usage -MMD -MP -MF"Core/Src/lcd_display.d" -MT"Core/Src/lcd_display.o" --specs=nano.specs -mfpu=fpv5-d16 -mfloat-abi=hard -mthumb -o "Core/Src/lcd_display.o"
arm-none-eabi-gcc "../Core/Src/rtc.c" -mcpu=cortex-m7 -std=gnu11 -g3 -DDEBUG -DCORE_CM7 -DUSE_HAL_DRIVER -DSTM32H747xx -c -I../Core/Inc -I../../Drivers/STM32H7xx_HAL_Driver/Inc -I../../Drivers/STM32H7xx_HAL_Driver/Inc/Legacy -I../../Drivers/CMSIS/Device/ST/STM32H7xx/Include -I../../Drivers/CMSIS/Include -I../../Middlewares/Third_Party/FreeRTOS/Source/include -I../../Middlewares/Third_Party/FreeRTOS/Source/CMSIS_RTOS -I../../Middlewares/Third_Party/FreeRTOS/Source/portable/GCC/ARM_CM4F -I../FATFS/Target -I../FATFS/App -I../../Middlewares/Third_Party/FatFs/src -O0 -ffunction-sections -fdata-sections -Wall -fstack-usage -MMD -MP -MF"Core/Src/rtc.d" -MT"Core/Src/rtc.o" --specs=nano.specs -mfpu=fpv5-d16 -mfloat-abi=hard -mthumb -o "Core/Src/rtc.o"
arm-none-eabi-gcc "../Core/Src/sd_card.c" -mcpu=cortex-m7 -std=gnu11 -g3 -DDEBUG -DCORE_CM7 -DUSE_HAL_DRIVER -DSTM32H747xx -c -I../Core/Inc -I../../Drivers/STM32H7xx_HAL_Driver/Inc -I../../Drivers/STM32H7xx_HAL_Driver/Inc/Legacy -I../../Drivers/CMSIS/Device/ST/STM32H7xx/Include -I../../Drivers/CMSIS/Include -I../../Middlewares/Third_Party/FreeRTOS/Source/include -I../../Middlewares/Third_Party/FreeRTOS/Source/CMSIS_RTOS -I../../Middlewares/Third_Party/FreeRTOS/Source/portable/GCC/ARM_CM4F -I../FATFS/Target -I../FATFS/App -I../../Middlewares/Third_Party/FatFs/src -O0 -ffunction-sections -fdata-sections -Wall -fstack-usage -MMD -MP -MF"Core/Src/sd_card.d" -MT"Core/Src/sd_card.o" --specs=nano.specs -mfpu=fpv5-d16 -mfloat-abi=hard -mthumb -o "Core/Src/sd_card.o"
arm-none-eabi-gcc "../Core/Src/stm32h7xx_hal_msp.c" -mcpu=cortex-m7 -std=gnu11 -g3 -DDEBUG -DCORE_CM7 -DUSE_HAL_DRIVER -DSTM32H747xx -c -I../Core/Inc -I../../Drivers/STM32H7xx_HAL_Driver/Inc -I../../Drivers/STM32H7xx_HAL_Driver/Inc/Legacy -I../../Drivers/CMSIS/Device/ST/STM32H7xx/Include -I../../Drivers/CMSIS/Include -I../../Middlewares/Third_Party/FreeRTOS/Source/include -I../../Middlewares/Third_Party/FreeRTOS/Source/CMSIS_RTOS -I../../Middlewares/Third_Party/FreeRTOS/Source/portable/GCC/ARM_CM4F -I../FATFS/Target -I../FATFS/App -I../../Middlewares/Third_Party/FatFs/src -O0 -ffunction-sections -fdata-sections -Wall -fstack-usage -MMD -MP -MF"Core/Src/stm32h7xx_hal_msp.d" -MT"Core/Src/stm32h7xx_hal_msp.o" --specs=nano.specs -mfpu=fpv5-d16 -mfloat-abi=hard -mthumb -o "Core/Src/stm32h7xx_hal_msp.o"
arm-none-eabi-gcc "../Core/Src/stm32h7xx_hal_timebase_tim.c" -mcpu=cortex-m7 -std=gnu11 -g3 -DDEBUG -DCORE_CM7 -DUSE_HAL_DRIVER -DSTM32H747xx -c -I../Core/Inc -I../../Drivers/STM32H7xx_HAL_Driver/Inc -I../../Drivers/STM32H7xx_HAL_Driver/Inc/Legacy -I../../Drivers/CMSIS/Device/ST/STM32H7xx/Include -I../../Drivers/CMSIS/Include -I../../Middlewares/Third_Party/FreeRTOS/Source/include -I../../Middlewares/Third_Party/FreeRTOS/Source/CMSIS_RTOS -I../../Middlewares/Third_Party/FreeRTOS/Source/portable/GCC/ARM_CM4F -I../FATFS/Target -I../FATFS/App -I../../Middlewares/Third_Party/FatFs/src -O0 -ffunction-sections -fdata-sections -Wall -fstack-usage -MMD -MP -MF"Core/Src/stm32h7xx_hal_timebase_tim.d" -MT"Core/Src/stm32h7xx_hal_timebase_tim.o" --specs=nano.specs -mfpu=fpv5-d16 -mfloat-abi=hard -mthumb -o "Core/Src/stm32h7xx_hal_timebase_tim.o"
arm-none-eabi-gcc "../Core/Src/stm32h7xx_it.c" -mcpu=cortex-m7 -std=gnu11 -g3 -DDEBUG -DCORE_CM7 -DUSE_HAL_DRIVER -DSTM32H747xx -c -I../Core/Inc -I../../Drivers/STM32H7xx_HAL_Driver/Inc -I../../Drivers/STM32H7xx_HAL_Driver/Inc/Legacy -I../../Drivers/CMSIS/Device/ST/STM32H7xx/Include -I../../Drivers/CMSIS/Include -I../../Middlewares/Third_Party/FreeRTOS/Source/include -I../../Middlewares/Third_Party/FreeRTOS/Source/CMSIS_RTOS -I../../Middlewares/Third_Party/FreeRTOS/Source/portable/GCC/ARM_CM4F -I../FATFS/Target -I../FATFS/App -I../../Middlewares/Third_Party/FatFs/src -O0 -ffunction-sections -fdata-sections -Wall -fstack-usage -MMD -MP -MF"Core/Src/stm32h7xx_it.d" -MT"Core/Src/stm32h7xx_it.o" --specs=nano.specs -mfpu=fpv5-d16 -mfloat-abi=hard -mthumb -o "Core/Src/stm32h7xx_it.o"
arm-none-eabi-gcc "../Core/Src/syscalls.c" -mcpu=cortex-m7 -std=gnu11 -g3 -DDEBUG -DCORE_CM7 -DUSE_HAL_DRIVER -DSTM32H747xx -c -I../Core/Inc -I../../Drivers/STM32H7xx_HAL_Driver/Inc -I../../Drivers/STM32H7xx_HAL_Driver/Inc/Legacy -I../../Drivers/CMSIS/Device/ST/STM32H7xx/Include -I../../Drivers/CMSIS/Include -I../../Middlewares/Third_Party/FreeRTOS/Source/include -I../../Middlewares/Third_Party/FreeRTOS/Source/CMSIS_RTOS -I../../Middlewares/Third_Party/FreeRTOS/Source/portable/GCC/ARM_CM4F -I../FATFS/Target -I../FATFS/App -I../../Middlewares/Third_Party/FatFs/src -O0 -ffunction-sections -fdata-sections -Wall -fstack-usage -MMD -MP -MF"Core/Src/syscalls.d" -MT"Core/Src/syscalls.o" --specs=nano.specs -mfpu=fpv5-d16 -mfloat-abi=hard -mthumb -o "Core/Src/syscalls.o"
arm-none-eabi-gcc "../Core/Src/sysmem.c" -mcpu=cortex-m7 -std=gnu11 -g3 -DDEBUG -DCORE_CM7 -DUSE_HAL_DRIVER -DSTM32H747xx -c -I../Core/Inc -I../../Drivers/STM32H7xx_HAL_Driver/Inc -I../../Drivers/STM32H7xx_HAL_Driver/Inc/Legacy -I../../Drivers/CMSIS/Device/ST/STM32H7xx/Include -I../../Drivers/CMSIS/Include -I../../Middlewares/Third_Party/FreeRTOS/Source/include -I../../Middlewares/Third_Party/FreeRTOS/Source/CMSIS_RTOS -I../../Middlewares/Third_Party/FreeRTOS/Source/portable/GCC/ARM_CM4F -I../FATFS/Target -I../FATFS/App -I../../Middlewares/Third_Party/FatFs/src -O0 -ffunction-sections -fdata-sections -Wall -fstack-usage -MMD -MP -MF"Core/Src/sysmem.d" -MT"Core/Src/sysmem.o" --specs=nano.specs -mfpu=fpv5-d16 -mfloat-abi=hard -mthumb -o "Core/Src/sysmem.o"
arm-none-eabi-gcc "../Core/Src/uart.c" -mcpu=cortex-m7 -std=gnu11 -g3 -DDEBUG -DCORE_CM7 -DUSE_HAL_DRIVER -DSTM32H747xx -c -I../Core/Inc -I../../Drivers/STM32H7xx_HAL_Driver/Inc -I../../Drivers/STM32H7xx_HAL_Driver/Inc/Legacy -I../../Drivers/CMSIS/Device/ST/STM32H7xx/Include -I../../Drivers/CMSIS/Include -I../../Middlewares/Third_Party/FreeRTOS/Source/include -I../../Middlewares/Third_Party/FreeRTOS/Source/CMSIS_RTOS -I../../Middlewares/Third_Party/FreeRTOS/Source/portable/GCC/ARM_CM4F -I../FATFS/Target -I../FATFS/App -I../../Middlewares/Third_Party/FatFs/src -O0 -ffunction-sections -fdata-sections -Wall -fstack-usage -MMD -MP -MF"Core/Src/uart.d" -MT"Core/Src/uart.o" --specs=nano.specs -mfpu=fpv5-d16 -mfloat-abi=hard -mthumb -o "Core/Src/uart.o"
arm-none-eabi-gcc "../Core/Src/main.c" -mcpu=cortex-m7 -std=gnu11 -g3 -DDEBUG -DCORE_CM7 -DUSE_HAL_DRIVER -DSTM32H747xx -c -I../Core/Inc -I../../Drivers/STM32H7xx_HAL_Driver/Inc -I../../Drivers/STM32H7xx_HAL_Driver/Inc/Legacy -I../../Drivers/CMSIS/Device/ST/STM32H7xx/Include -I../../Drivers/CMSIS/Include -I../../Middlewares/Third_Party/FreeRTOS/Source/include -I../../Middlewares/Third_Party/FreeRTOS/Source/CMSIS_RTOS -I../../Middlewares/Third_Party/FreeRTOS/Source/portable/GCC/ARM_CM4F -I../FATFS/Target -I../FATFS/App -I../../Middlewares/Third_Party/FatFs/src -O0 -ffunction-sections -fdata-sections -Wall -fstack-usage -MMD -MP -MF"Core/Src/main.d" -MT"Core/Src/main.o" --specs=nano.specs -mfpu=fpv5-d16 -mfloat-abi=hard -mthumb -o "Core/Src/main.o"
arm-none-eabi-gcc "../Core/Src/sim_fibocom.c" -mcpu=cortex-m7 -std=gnu11 -g3 -DDEBUG -DCORE_CM7 -DUSE_HAL_DRIVER -DSTM32H747xx -c -I../Core/Inc -I../../Drivers/STM32H7xx_HAL_Driver/Inc -I../../Drivers/STM32H7xx_HAL_Driver/Inc/Legacy -I../../Drivers/CMSIS/Device/ST/STM32H7xx/Include -I../../Drivers/CMSIS/Include -I../../Middlewares/Third_Party/FreeRTOS/Source/include -I../../Middlewares/Third_Party/FreeRTOS/Source/CMSIS_RTOS -I../../Middlewares/Third_Party/FreeRTOS/Source/portable/GCC/ARM_CM4F -I../FATFS/Target -I../FATFS/App -I../../Middlewares/Third_Party/FatFs/src -O0 -ffunction-sections -fdata-sections -Wall -fstack-usage -MMD -MP -MF"Core/Src/sim_fibocom.d" -MT"Core/Src/sim_fibocom.o" --specs=nano.specs -mfpu=fpv5-d16 -mfloat-abi=hard -mthumb -o "Core/Src/sim_fibocom.o"
arm-none-eabi-gcc -o "HME_Datalogger_CM7.elf" @"objects.list"   -mcpu=cortex-m7 -T"C:\Users\Admin\STM32CubeIDE\workspace_1.5.0\HME_Datalogger\CM7\STM32H747XIHX_FLASH.ld" --specs=nosys.specs -Wl,-Map="HME_Datalogger_CM7.map" -Wl,--gc-sections -static --specs=nano.specs -mfpu=fpv5-d16 -mfloat-abi=hard -mthumb -Wl,--start-group -lc -lm -Wl,--end-group
Finished building target: HME_Datalogger_CM7.elf
 
arm-none-eabi-objdump -h -S  HME_Datalogger_CM7.elf  > "HME_Datalogger_CM7.list"
arm-none-eabi-objcopy  -O binary  HME_Datalogger_CM7.elf  "HME_Datalogger_CM7.bin"
arm-none-eabi-size   HME_Datalogger_CM7.elf 
   text	   data	    bss	    dec	    hex	filename
  57680	    128	  35272	  93080	  16b98	HME_Datalogger_CM7.elf
Finished building: default.size.stdout
 
Finished building: HME_Datalogger_CM7.bin
 
Finished building: HME_Datalogger_CM7.list
 

14:31:36 Build Finished. 0 errors, 0 warnings. (took 12s.785ms)

